\BOOKMARK [1][-]{section.1}{\376\377\000I\000n\000t\000r\000o\000d\000u\000c\000t\000i\000o\000n}{}% 1
\BOOKMARK [2][-]{subsection.1.1}{\376\377\000R\000e\000s\000e\000a\000r\000c\000h\000\040\000Q\000u\000e\000s\000t\000i\000o\000n\000\040\000a\000n\000d\000\040\000D\000a\000t\000a}{section.1}% 2
\BOOKMARK [2][-]{subsection.1.2}{\376\377\000P\000l\000a\000t\000f\000o\000r\000m\000\040\000C\000o\000n\000t\000e\000x\000t\000:\000\040\000K\000a\000l\000s\000h\000i}{section.1}% 3
\BOOKMARK [2][-]{subsection.1.3}{\376\377\000M\000a\000i\000n\000\040\000F\000i\000n\000d\000i\000n\000g\000s}{section.1}% 4
\BOOKMARK [2][-]{subsection.1.4}{\376\377\000S\000t\000r\000u\000c\000t\000u\000r\000e\000\040\000o\000f\000\040\000T\000h\000i\000s\000\040\000P\000a\000p\000e\000r}{section.1}% 5
\BOOKMARK [2][-]{subsection.1.5}{\376\377\000C\000a\000u\000t\000i\000o\000n\000\040\000o\000n\000\040\000C\000a\000u\000s\000a\000l\000i\000t\000y}{section.1}% 6
\BOOKMARK [1][-]{section.2}{\376\377\000A\000\040\000L\000i\000f\000e\000c\000y\000c\000l\000e\000\040\000M\000o\000d\000e\000l\000\040\000o\000f\000\040\000P\000r\000e\000d\000i\000c\000t\000i\000o\000n\000\040\000M\000a\000r\000k\000e\000t\000\040\000A\000c\000c\000u\000r\000a\000c\000y}{}% 7
\BOOKMARK [2][-]{subsection.2.1}{\376\377\000T\000h\000e\000o\000r\000e\000t\000i\000c\000a\000l\000\040\000F\000o\000u\000n\000d\000a\000t\000i\000o\000n\000:\000\040\000W\000e\000a\000l\000t\000h\000\040\000C\000o\000n\000s\000t\000r\000a\000i\000n\000t\000s\000\040\000a\000n\000d\000\040\000I\000n\000f\000o\000r\000m\000a\000t\000i\000o\000n\000\040\000A\000g\000g\000r\000e\000g\000a\000t\000i\000o\000n}{section.2}% 8
\BOOKMARK [3][-]{subsubsection.2.1.1}{\376\377\000T\000h\000e\000\040\000O\000t\000t\000a\000v\000i\000a\000n\000i\000-\000S\000\370\000r\000e\000n\000s\000e\000n\000\040\000M\000e\000c\000h\000a\000n\000i\000s\000m}{subsection.2.1}% 9
\BOOKMARK [3][-]{subsubsection.2.1.2}{\376\377\000T\000h\000e\000o\000r\000e\000t\000i\000c\000a\000l\000\040\000P\000r\000e\000d\000i\000c\000t\000i\000o\000n\000s}{subsection.2.1}% 10
\BOOKMARK [2][-]{subsection.2.2}{\376\377\000L\000i\000f\000e\000c\000y\000c\000l\000e\000\040\000S\000t\000a\000g\000e\000s\000\040\000o\000f\000\040\000P\000r\000e\000d\000i\000c\000t\000i\000o\000n\000\040\000M\000a\000r\000k\000e\000t\000\040\000A\000c\000c\000u\000r\000a\000c\000y}{section.2}% 11
\BOOKMARK [2][-]{subsection.2.3}{\376\377\000F\000o\000r\000m\000a\000l\000i\000z\000a\000t\000i\000o\000n\000:\000\040\000T\000h\000r\000e\000e\000\040\000T\000e\000s\000t\000a\000b\000l\000e\000\040\000H\000y\000p\000o\000t\000h\000e\000s\000e\000s}{section.2}% 12
\BOOKMARK [1][-]{section.3}{\376\377\000D\000a\000t\000a\000\040\000a\000n\000d\000\040\000M\000e\000t\000h\000o\000d\000s}{}% 13
\BOOKMARK [2][-]{subsection.3.1}{\376\377\000D\000a\000t\000a\000s\000e\000t\000:\000\040\000K\000a\000l\000s\000h\000i\000\040\000P\000r\000e\000d\000i\000c\000t\000i\000o\000n\000\040\000M\000a\000r\000k\000e\000t\000s}{section.3}% 14
\BOOKMARK [3][-]{subsubsection.3.1.1}{\376\377\000S\000a\000m\000p\000l\000e\000\040\000C\000o\000m\000p\000o\000s\000i\000t\000i\000o\000n}{subsection.3.1}% 15
\BOOKMARK [3][-]{subsubsection.3.1.2}{\376\377\000D\000a\000t\000a\000\040\000S\000c\000h\000e\000m\000a\000\040\000a\000n\000d\000\040\000V\000a\000r\000i\000a\000b\000l\000e\000s}{subsection.3.1}% 16
\BOOKMARK [2][-]{subsection.3.2}{\376\377\000C\000a\000l\000i\000b\000r\000a\000t\000i\000o\000n\000\040\000M\000e\000t\000r\000i\000c\000s}{section.3}% 17
\BOOKMARK [3][-]{subsubsection.3.2.1}{\376\377\000M\000e\000a\000n\000\040\000A\000b\000s\000o\000l\000u\000t\000e\000\040\000E\000r\000r\000o\000r\000\040\000\050\000M\000A\000E\000\051}{subsection.3.2}% 18
\BOOKMARK [3][-]{subsubsection.3.2.2}{\376\377\000B\000r\000i\000e\000r\000\040\000S\000c\000o\000r\000e}{subsection.3.2}% 19
\BOOKMARK [2][-]{subsection.3.3}{\376\377\000S\000t\000a\000t\000i\000s\000t\000i\000c\000a\000l\000\040\000I\000n\000f\000e\000r\000e\000n\000c\000e}{section.3}% 20
\BOOKMARK [3][-]{subsubsection.3.3.1}{\376\377\000C\000o\000n\000f\000i\000d\000e\000n\000c\000e\000\040\000I\000n\000t\000e\000r\000v\000a\000l\000s}{subsection.3.3}% 21
\BOOKMARK [3][-]{subsubsection.3.3.2}{\376\377\000H\000y\000p\000o\000t\000h\000e\000s\000i\000s\000\040\000T\000e\000s\000t\000s}{subsection.3.3}% 22
\BOOKMARK [1][-]{section.4}{\376\377\000A\000n\000a\000l\000y\000s\000i\000s\000\040\0001\000:\000\040\000L\000i\000q\000u\000i\000d\000i\000t\000y\000\040\000T\000h\000r\000e\000s\000h\000o\000l\000d\000\040\000E\000f\000f\000e\000c\000t}{}% 23
\BOOKMARK [2][-]{subsection.4.1}{\376\377\000M\000e\000t\000h\000o\000d\000o\000l\000o\000g\000y}{section.4}% 24
\BOOKMARK [2][-]{subsection.4.2}{\376\377\000K\000e\000y\000\040\000F\000i\000n\000d\000i\000n\000g\000:\000\040\000T\000h\000e\000\040\0002\0000\0000\000-\000T\000r\000a\000d\000e\000\040\000T\000h\000r\000e\000s\000h\000o\000l\000d}{section.4}% 25
\BOOKMARK [2][-]{subsection.4.3}{\376\377\000R\000o\000b\000u\000s\000t\000n\000e\000s\000s\000\040\000a\000n\000d\000\040\000I\000n\000t\000e\000r\000p\000r\000e\000t\000a\000t\000i\000o\000n}{section.4}% 26
\BOOKMARK [1][-]{section.5}{\376\377\000A\000n\000a\000l\000y\000s\000i\000s\000\040\0002\000:\000\040\000V\000o\000l\000u\000m\000e\000-\000A\000i\000d\000e\000d\000\040\000I\000n\000f\000o\000r\000m\000a\000t\000i\000o\000n\000\040\000A\000g\000g\000r\000e\000g\000a\000t\000i\000o\000n}{}% 27
\BOOKMARK [2][-]{subsection.5.1}{\376\377\000M\000a\000i\000n\000\040\000R\000e\000s\000u\000l\000t}{section.5}% 28
\BOOKMARK [2][-]{subsection.5.2}{\376\377\000M\000e\000c\000h\000a\000n\000i\000s\000m\000:\000\040\000M\000a\000r\000k\000e\000t\000\040\000M\000i\000c\000r\000o\000s\000t\000r\000u\000c\000t\000u\000r\000e}{section.5}% 29
\BOOKMARK [1][-]{section.6}{\376\377\000A\000n\000a\000l\000y\000s\000i\000s\000\040\0003\000:\000\040\000M\000a\000r\000k\000e\000t\000\040\000A\000g\000e\000\040\000a\000n\000d\000\040\000C\000a\000l\000i\000b\000r\000a\000t\000i\000o\000n\000\040\000C\000o\000n\000v\000e\000r\000g\000e\000n\000c\000e}{}% 30
\BOOKMARK [2][-]{subsection.6.1}{\376\377\000M\000a\000i\000n\000\040\000R\000e\000s\000u\000l\000t}{section.6}% 31
\BOOKMARK [2][-]{subsection.6.2}{\376\377\000C\000o\000n\000f\000o\000u\000n\000d\000:\000\040\000A\000g\000e\000\040\000v\000s\000.\000\040\000V\000o\000l\000u\000m\000e}{section.6}% 32
\BOOKMARK [1][-]{section.7}{\376\377\000D\000i\000s\000c\000u\000s\000s\000i\000o\000n}{}% 33
\BOOKMARK [2][-]{subsection.7.1}{\376\377\000W\000h\000a\000t\000\040\000t\000h\000e\000\040\000D\000a\000t\000a\000\040\000T\000e\000l\000l\000\040\000U\000s}{section.7}% 34
\BOOKMARK [2][-]{subsection.7.2}{\376\377\000T\000h\000e\000o\000r\000e\000t\000i\000c\000a\000l\000\040\000I\000n\000t\000e\000r\000p\000r\000e\000t\000a\000t\000i\000o\000n}{section.7}% 35
\BOOKMARK [2][-]{subsection.7.3}{\376\377\000I\000m\000p\000l\000i\000c\000a\000t\000i\000o\000n\000s\000\040\000f\000o\000r\000\040\000P\000r\000a\000c\000t\000i\000t\000i\000o\000n\000e\000r\000s}{section.7}% 36
\BOOKMARK [2][-]{subsection.7.4}{\376\377\000L\000i\000m\000i\000t\000a\000t\000i\000o\000n\000s\000\040\000a\000n\000d\000\040\000E\000x\000t\000e\000r\000n\000a\000l\000\040\000V\000a\000l\000i\000d\000i\000t\000y}{section.7}% 37
\BOOKMARK [3][-]{subsubsection.7.4.1}{\376\377\000I\000n\000t\000e\000r\000n\000a\000l\000\040\000V\000a\000l\000i\000d\000i\000t\000y\000\040\000C\000o\000n\000c\000e\000r\000n\000s}{subsection.7.4}% 38
\BOOKMARK [3][-]{subsubsection.7.4.2}{\376\377\000E\000x\000t\000e\000r\000n\000a\000l\000\040\000V\000a\000l\000i\000d\000i\000t\000y\000\040\000C\000o\000n\000c\000e\000r\000n\000s}{subsection.7.4}% 39
\BOOKMARK [1][-]{section.8}{\376\377\000C\000o\000n\000c\000l\000u\000s\000i\000o\000n}{}% 40
