\BOOKMARK [1][-]{section.1}{\376\377\000I\000n\000t\000r\000o\000d\000u\000c\000t\000i\000o\000n}{}% 1
\BOOKMARK [2][-]{subsection.1.1}{\376\377\000T\000h\000e\000\040\000K\000a\000l\000s\000h\000i\000\040\000P\000l\000a\000t\000f\000o\000r\000m}{section.1}% 2
\BOOKMARK [2][-]{subsection.1.2}{\376\377\000M\000a\000i\000n\000\040\000F\000i\000n\000d\000i\000n\000g\000s}{section.1}% 3
\BOOKMARK [1][-]{section.2}{\376\377\000L\000i\000f\000e\000c\000y\000c\000l\000e\000\040\000M\000o\000d\000e\000l\000\040\000o\000f\000\040\000P\000r\000e\000d\000i\000c\000t\000i\000o\000n\000\040\000M\000a\000r\000k\000e\000t\000\040\000A\000c\000c\000u\000r\000a\000c\000y}{}% 4
\BOOKMARK [2][-]{subsection.2.1}{\376\377\000T\000h\000e\000o\000r\000e\000t\000i\000c\000a\000l\000\040\000F\000o\000u\000n\000d\000a\000t\000i\000o\000n\000:\000\040\000W\000e\000a\000l\000t\000h\000\040\000C\000o\000n\000s\000t\000r\000a\000i\000n\000t\000s\000\040\000a\000n\000d\000\040\000I\000n\000f\000o\000r\000m\000a\000t\000i\000o\000n\000\040\000A\000g\000g\000r\000e\000g\000a\000t\000i\000o\000n}{section.2}% 5
\BOOKMARK [3][-]{subsubsection.2.1.1}{\376\377\000T\000h\000e\000\040\000O\000t\000t\000a\000v\000i\000a\000n\000i\000-\000S\000\370\000r\000e\000n\000s\000e\000n\000\040\000M\000o\000d\000e\000l}{subsection.2.1}% 6
\BOOKMARK [3][-]{subsubsection.2.1.2}{\376\377\000P\000r\000e\000d\000i\000c\000t\000i\000o\000n\000s\000\040\000f\000r\000o\000m\000\040\000O\000S\000\040\000T\000h\000e\000o\000r\000y}{subsection.2.1}% 7
\BOOKMARK [2][-]{subsection.2.2}{\376\377\000L\000i\000f\000e\000c\000y\000c\000l\000e\000\040\000S\000t\000a\000g\000e\000s}{section.2}% 8
\BOOKMARK [1][-]{section.3}{\376\377\000D\000a\000t\000a\000\040\000a\000n\000d\000\040\000M\000e\000t\000h\000o\000d\000s}{}% 9
\BOOKMARK [2][-]{subsection.3.1}{\376\377\000D\000a\000t\000a\000s\000e\000t\000\040\000D\000e\000s\000c\000r\000i\000p\000t\000i\000o\000n}{section.3}% 10
\BOOKMARK [2][-]{subsection.3.2}{\376\377\000C\000a\000l\000i\000b\000r\000a\000t\000i\000o\000n\000\040\000M\000e\000t\000r\000i\000c\000s}{section.3}% 11
\BOOKMARK [2][-]{subsection.3.3}{\376\377\000S\000t\000a\000t\000i\000s\000t\000i\000c\000a\000l\000\040\000I\000n\000f\000e\000r\000e\000n\000c\000e}{section.3}% 12
\BOOKMARK [1][-]{section.4}{\376\377\000A\000n\000a\000l\000y\000s\000i\000s\000\040\0001\000:\000\040\000L\000i\000q\000u\000i\000d\000i\000t\000y\000\040\000T\000h\000r\000e\000s\000h\000o\000l\000d\000\040\000E\000f\000f\000e\000c\000t}{}% 13
\BOOKMARK [2][-]{subsection.4.1}{\376\377\000H\000y\000p\000o\000t\000h\000e\000s\000i\000s\000\040\0001}{section.4}% 14
\BOOKMARK [2][-]{subsection.5.1}{\376\377\000V\000o\000l\000u\000m\000e\000\040\000S\000t\000r\000a\000t\000i\000f\000i\000c\000a\000t\000i\000o\000n}{section.4}% 15
\BOOKMARK [2][-]{subsection.5.2}{\376\377\000M\000a\000i\000n\000\040\000F\000i\000n\000d\000i\000n\000g\000:\000\040\0002\0000\0000\000-\000T\000r\000a\000d\000e\000\040\000T\000h\000r\000e\000s\000h\000o\000l\000d}{section.4}% 16
\BOOKMARK [1][-]{section.6}{\376\377\000A\000n\000a\000l\000y\000s\000i\000s\000\040\0002\000:\000\040\000V\000o\000l\000u\000m\000e\000-\000A\000i\000d\000e\000d\000\040\000I\000n\000f\000o\000r\000m\000a\000t\000i\000o\000n\000\040\000A\000g\000g\000r\000e\000g\000a\000t\000i\000o\000n}{}% 17
\BOOKMARK [2][-]{subsection.6.1}{\376\377\000H\000y\000p\000o\000t\000h\000e\000s\000i\000s\000\040\0002}{section.6}% 18
\BOOKMARK [2][-]{subsection.7.1}{\376\377\000M\000a\000i\000n\000\040\000F\000i\000n\000d\000i\000n\000g\000:\000\040\0004\000.\0002\000V\000o\000l\000u\000m\000e\000\040\000E\000f\000f\000e\000c\000t}{section.6}% 19
\BOOKMARK [2][-]{subsection.7.2}{\376\377\000R\000o\000b\000u\000s\000t\000n\000e\000s\000s}{section.6}% 20
\BOOKMARK [1][-]{section.8}{\376\377\000A\000n\000a\000l\000y\000s\000i\000s\000\040\0003\000:\000\040\000M\000a\000r\000k\000e\000t\000\040\000A\000g\000e\000\040\000a\000n\000d\000\040\000C\000a\000l\000i\000b\000r\000a\000t\000i\000o\000n\000\040\000C\000o\000n\000v\000e\000r\000g\000e\000n\000c\000e}{}% 21
\BOOKMARK [2][-]{subsection.8.1}{\376\377\000H\000y\000p\000o\000t\000h\000e\000s\000i\000s\000\040\0003}{section.8}% 22
\BOOKMARK [2][-]{subsection.9.1}{\376\377\000M\000a\000i\000n\000\040\000F\000i\000n\000d\000i\000n\000g\000:\000\040\0005\000.\0004\000A\000g\000e\000\040\000E\000f\000f\000e\000c\000t}{section.8}% 23
\BOOKMARK [2][-]{subsection.9.2}{\376\377\000T\000h\000e\000\040\000C\000o\000n\000f\000o\000u\000n\000d\000:\000\040\000A\000g\000e\000\040\000v\000s\000.\000\040\000V\000o\000l\000u\000m\000e}{section.8}% 24
\BOOKMARK [1][-]{section.10}{\376\377\000D\000i\000s\000c\000u\000s\000s\000i\000o\000n}{}% 25
\BOOKMARK [2][-]{subsection.10.1}{\376\377\000S\000u\000m\000m\000a\000r\000y\000\040\000o\000f\000\040\000F\000i\000n\000d\000i\000n\000g\000s}{section.10}% 26
\BOOKMARK [2][-]{subsection.10.2}{\376\377\000I\000n\000t\000e\000r\000p\000r\000e\000t\000a\000t\000i\000o\000n\000\040\000T\000h\000r\000o\000u\000g\000h\000\040\000O\000t\000t\000a\000v\000i\000a\000n\000i\000-\000S\000\370\000r\000e\000n\000s\000e\000n\000\040\000T\000h\000e\000o\000r\000y}{section.10}% 27
\BOOKMARK [2][-]{subsection.10.3}{\376\377\000L\000i\000m\000i\000t\000a\000t\000i\000o\000n\000s}{section.10}% 28
\BOOKMARK [2][-]{subsection.10.4}{\376\377\000P\000r\000a\000c\000t\000i\000c\000a\000l\000\040\000I\000m\000p\000l\000i\000c\000a\000t\000i\000o\000n\000s}{section.10}% 29
\BOOKMARK [1][-]{section.11}{\376\377\000S\000u\000r\000v\000i\000v\000o\000r\000s\000h\000i\000p\000\040\000A\000n\000a\000l\000y\000s\000i\000s}{}% 30
